// Jest Snapshot v1, https://goo.gl/fbAQLP

exports[`CityWeatherDetailPage should renders properly when loading 1`] = `
<div>
  <section
    class="detailPageRoot"
  >
    <div
      class="throbber"
    >
      <div
        class="throbberMask"
      />
      <div
        class="loaderContainer"
      >
        <div
          class="loader"
        />
      </div>
    </div>
  </section>
</div>
`;

exports[`CityWeatherDetailPage should toggle city as favourite 1`] = `
<div>
  <section
    class="detailPageRoot"
  >
    <div
      class="backButton"
    >
      <button
        class="iconButton"
      >
        <svg
          fill="currentColor"
          height="1em"
          stroke="currentColor"
          stroke-width="0"
          viewBox="0 0 24 24"
          width="1em"
          xmlns="http://www.w3.org/2000/svg"
        >
          <path
            d="M10 20v-6h4v6h5v-8h3L12 3 2 12h3v8z"
          />
        </svg>
           Home
      </button>
    </div>
    <div
      class="mainDetails"
    >
      <div
        class="cityName"
      >
        <h1>
          Lobong
          <button
            class="iconButton favouriteIcon"
            data-testid="DetailPage_favBtn"
          >
            <svg
              fill="currentColor"
              height="1em"
              stroke="currentColor"
              stroke-width="0"
              viewBox="0 0 24 24"
              width="1em"
              xmlns="http://www.w3.org/2000/svg"
            >
              <path
                d="M16.5 3c-1.74 0-3.41.81-4.5 2.09C10.91 3.81 9.24 3 7.5 3 4.42 3 2 5.42 2 8.5c0 3.78 3.4 6.86 8.55 11.54L12 21.35l1.45-1.32C18.6 15.36 22 12.28 22 8.5 22 5.42 19.58 3 16.5 3zm-4.4 15.55l-.1.1-.1-.1C7.14 14.24 4 11.39 4 8.5 4 6.5 5.5 5 7.5 5c1.54 0 3.04.99 3.57 2.36h1.87C13.46 5.99 14.96 5 16.5 5c2 0 3.5 1.5 3.5 3.5 0 2.89-3.14 5.74-7.9 10.05z"
              />
            </svg>
          </button>
        </h1>
        <h3>
          Pangasinan, Philippines
        </h3>
      </div>
      <div
        class="temperatureBlock"
      >
        <p
          class="temperature"
        >
          24
           ℃
        </p>
        <p>
          Moderate or heavy rain shower
        </p>
      </div>
    </div>
    <div
      class="lowerSection"
    >
      <div
        class="waRoot"
      >
        <div
          class="waTile"
        >
          <h3 />
          <p>
            Wind Speed
          </p>
        </div>
        <div
          class="waTile"
        >
          <h3>
            1006
          </h3>
          <p>
            Pressure
          </p>
        </div>
        <div
          class="waTile"
        >
          <h3>
            0.9
          </h3>
          <p>
            Precipitation
          </p>
        </div>
        <div
          class="waTile"
        >
          <h3>
            89
          </h3>
          <p>
            Humidity
          </p>
        </div>
        <div
          class="waTile"
        >
          <h3>
            37
          </h3>
          <p>
            Cloud Cover
          </p>
        </div>
        <div
          class="waTile"
        >
          <h3>
            9
          </h3>
          <p>
            Visibility
          </p>
        </div>
      </div>
      <div />
      <div>
        <div
          class="root"
        >
          <textarea
            placeholder="add note ..."
            rows="2"
          />
          <button>
            Add
          </button>
        </div>
        <div />
      </div>
    </div>
  </section>
</div>
`;
